// Jest Snapshot v1, https://goo.gl/fbAQLP

exports[`<CreateCoursePage /> renders a Create Course by default 1`] = `
<BrowserRouter>
  <Router
    history={
      Object {
        "action": "POP",
        "block": [Function],
        "createHref": [Function],
        "go": [Function],
        "goBack": [Function],
        "goForward": [Function],
        "length": 1,
        "listen": [Function],
        "location": Object {
          "hash": "",
          "pathname": "/",
          "search": "",
          "state": undefined,
        },
        "push": [Function],
        "replace": [Function],
      }
    }
  >
    <CreateCoursePage>
      <Nav>
        <nav
          className="Nav"
        >
          <img
            alt="logo"
            className="logo"
            src="../../favicon.ico"
          />
          <h1>
            <NavLink
              activeClassName="active"
              aria-current="page"
              to="/"
            >
              <Route
                path="\\\\/"
              >
                <Link
                  aria-current="page"
                  className="active"
                  replace={false}
                  style={Object {}}
                  to="/"
                >
                  <a
                    aria-current="page"
                    className="active"
                    href="/"
                    onClick={[Function]}
                    style={Object {}}
                  >
                    Curricula
                  </a>
                </Link>
              </Route>
            </NavLink>
          </h1>
          <Bull>
            <span
              className="Bull"
            >
               • 
            </span>
          </Bull>
          <Link
            replace={false}
            to="/create"
          >
            <a
              href="/create"
              onClick={[Function]}
            >
              Create
            </a>
          </Link>
          <Bull>
            <span
              className="Bull"
            >
               • 
            </span>
          </Bull>
          <NavLink
            activeClassName="active"
            aria-current="page"
            to="/profile"
          >
            <Route
              path="\\\\/profile"
            >
              <Link
                aria-current={null}
                replace={false}
                to="/profile"
              >
                <a
                  aria-current={null}
                  href="/profile"
                  onClick={[Function]}
                >
                  Profile
                </a>
              </Link>
            </Route>
          </NavLink>
          <Bull>
            <span
              className="Bull"
            >
               • 
            </span>
          </Bull>
          <div
            className="Nav__not-logged-in"
          >
            <NavLink
              activeClassName="active"
              aria-current="page"
              to="/register"
            >
              <Route
                path="\\\\/register"
              >
                <Link
                  aria-current={null}
                  replace={false}
                  to="/register"
                >
                  <a
                    aria-current={null}
                    href="/register"
                    onClick={[Function]}
                  >
                    Register
                  </a>
                </Link>
              </Route>
            </NavLink>
            <Bull>
              <span
                className="Bull"
              >
                 • 
              </span>
            </Bull>
            <Link
              replace={false}
              to="/login"
            >
              <a
                href="/login"
                onClick={[Function]}
              >
                Log in
              </a>
            </Link>
          </div>
        </nav>
      </Nav>
      <div
        className="create-form"
      >
        <header>
          <h1>
            Create New Course
          </h1>
        </header>
        <form
          id="new-course"
          onSubmit={[Function]}
        >
          <Section
            className="form-section"
          >
            <section
              className="Section form-section"
            >
              <label
                htmlFor="course-title"
              >
                Course Title
              </label>
              <Input
                id="title"
                placeholder="Hannah Arendt & The Walking Dead"
                required={true}
                type="text"
              >
                <input
                  className="Input "
                  id="title"
                  placeholder="Hannah Arendt & The Walking Dead"
                  required={true}
                  type="text"
                />
              </Input>
            </section>
          </Section>
          <Section
            className="form-section"
          >
            <section
              className="Section form-section"
            >
              <p>
                Select Course Topic
              </p>
              <div
                className="topic-container"
              >
                <select
                  className="select"
                  onChange={[Function]}
                >
                  <option
                    value="Writing"
                  >
                    Writing
                  </option>
                  <option
                    value="Film"
                  >
                    Film
                  </option>
                  <option
                    value="Philosophy"
                  >
                    Philosophy
                  </option>
                  <option
                    value="Pop Culture"
                  >
                    Pop Culture
                  </option>
                  <option
                    value="Teaching"
                  >
                    Teaching
                  </option>
                  <option
                    value="Politics"
                  >
                    Politics
                  </option>
                </select>
              </div>
            </section>
          </Section>
          <Section
            className="form-section"
          >
            <section
              className="Section form-section"
            >
              <label
                htmlFor="course-description"
              >
                Course Description
              </label>
              <textarea
                id="description"
                name="course-descrition"
                required={true}
                rows="15"
              />
            </section>
          </Section>
          <Section
            className="form-section"
          >
            <section
              className="Section form-section"
            >
              <label
                htmlFor="teaching-notes"
              >
                Teaching Notes
              </label>
              <textarea
                id="notes"
                name="teaching-notes"
                required={true}
                rows="15"
              />
            </section>
          </Section>
          <Section
            className="form-section"
          >
            <section
              className="Section form-section"
            >
              <label
                htmlFor="reading-list"
              >
                Readings & Resources
              </label>
              <textarea
                id="readings"
                name="reading-list"
                required={true}
                rows="15"
              />
            </section>
          </Section>
          <Section
            className="course-duration-container"
          >
            <section
              className="Section course-duration-container"
            >
              <label
                htmlFor="course-duration"
              >
                Estimated Course Duration (in weeks)
              </label>
              <Input
                id="duration"
                placeholder="16"
                type="number"
              >
                <input
                  className="Input "
                  id="duration"
                  placeholder="16"
                  type="number"
                />
              </Input>
            </section>
          </Section>
          <Section
            className="button-container"
          >
            <section
              className="Section button-container"
            >
              <Button
                id="submit-new"
                type="submit"
              >
                <button
                  className="Button "
                  id="submit-new"
                  type="submit"
                >
                  Submit
                </button>
              </Button>
              <Button
                id="reset-new"
                type="reset"
              >
                <button
                  className="Button "
                  id="reset-new"
                  type="reset"
                >
                  Reset
                </button>
              </Button>
            </section>
          </Section>
        </form>
      </div>
    </CreateCoursePage>
  </Router>
</BrowserRouter>
`;
