// Jest Snapshot v1, https://goo.gl/fbAQLP

exports[`<LoginForm /> renders Login Form by default 1`] = `
<LoginForm
  onLoginSuccess={[Function]}
>
  <form
    className="LoginForm"
    onSubmit={[Function]}
  >
    <div
      role="alert"
    />
    <div
      className="user_name"
    >
      <label
        htmlFor="LoginForm__user_name"
      >
        Username
      </label>
      <Input
        id="LoginForm__user_name"
        name="user_name"
      >
        <input
          className="Input "
          id="LoginForm__user_name"
          name="user_name"
        />
      </Input>
    </div>
    <div
      className="password"
    >
      <label
        htmlFor="LoginForm__password"
      >
        Password
      </label>
      <Input
        id="LoginForm__password"
        name="password"
        type="password"
      >
        <input
          className="Input "
          id="LoginForm__password"
          name="password"
          type="password"
        />
      </Input>
    </div>
    <Button
      type="submit"
    >
      <button
        className="Button "
        type="submit"
      >
        Login
      </button>
    </Button>
  </form>
</LoginForm>
`;
