// Jest Snapshot v1, https://goo.gl/fbAQLP

exports[`<CoursePage /> renders the page by default 1`] = `
<BrowserRouter>
  <Router
    history={
      Object {
        "action": "POP",
        "block": [Function],
        "createHref": [Function],
        "go": [Function],
        "goBack": [Function],
        "goForward": [Function],
        "length": 1,
        "listen": [Function],
        "location": Object {
          "hash": "",
          "pathname": "/",
          "search": "",
          "state": undefined,
        },
        "push": [Function],
        "replace": [Function],
      }
    }
  >
    <CoursePage
      course={
        Object {
          "author_id": 2,
          "date_created": "date",
          "description": "description",
          "id": 4,
          "notes": "notes",
          "readings": "readings",
          "title": "title",
          "topic": "topic",
        }
      }
      key="4"
      match={
        Object {
          "params": Object {},
        }
      }
    >
      <Section
        className="CoursePage"
      >
        <section
          className="Section CoursePage"
        >
          <div
            className="loading"
          />
        </section>
      </Section>
    </CoursePage>
  </Router>
</BrowserRouter>
`;
